---
source: src/tui/visual_tests.rs
expression: volcado
---
=== texto ===
                                                                                                                                            
                                                                                                                                            
                                                                                                                                            
                                                                                                                                            
                                                                                                                                            
                                                                                                                                            
                                                                                                                                            
                                                                                                                                            
                                                                                                                                            
                                                                                                                                            
                                                                                                                                            
                                                                                                                                            
                                                                                                                                            
                                                                                                                                            
                                                                                                                                            
                                                                                                                                            
                                                                                                                                            
                                                                                                                                            
                                                     ┌────────────────────────────────┐                                                     
                                                     │                                │                                                     
                                                     └────────────────────────────────┘                                                     
                                                                                                                                            
                                                                                                                                            
                                                                                                                                            
                                                                                                                                            
                                                                                                                                            
                                                                                                                                            
                                                                                                                                            
                                                                                                                                            
                                                                                                                                            
                                                                                                                                            
                                                                                                                                            
                                                                                                                                            
                                                                                                                                            
                                                                                                                                            
                                                                                                                                            
                                                                                                                                            
                                                                                                                                            
                                                                                                                                            
                                                                                                                                            

=== estilos ===
"                                                                                                                                            " fg=Rgb(232, 232, 235) bg=Rgb(36, 36, 39) mod=NONE
"                                                                                                                                            " fg=Rgb(232, 232, 235) bg=Rgb(36, 36, 39) mod=NONE
"                                                                                                                                            " fg=Rgb(232, 232, 235) bg=Rgb(36, 36, 39) mod=NONE
"                                                                                                                                            " fg=Rgb(232, 232, 235) bg=Rgb(36, 36, 39) mod=NONE
"                                                                                                                                            " fg=Rgb(232, 232, 235) bg=Rgb(36, 36, 39) mod=NONE
"                                                                                                                                            " fg=Rgb(232, 232, 235) bg=Rgb(36, 36, 39) mod=NONE
"                                                                                                                                            " fg=Rgb(232, 232, 235) bg=Rgb(36, 36, 39) mod=NONE
"                                                                                                                                            " fg=Rgb(232, 232, 235) bg=Rgb(36, 36, 39) mod=NONE
"                                                                                                                                            " fg=Rgb(232, 232, 235) bg=Rgb(36, 36, 39) mod=NONE
"                                                                                                                                            " fg=Rgb(232, 232, 235) bg=Rgb(36, 36, 39) mod=NONE
"                                                                                                                                            " fg=Rgb(232, 232, 235) bg=Rgb(36, 36, 39) mod=NONE
"                                                                                                                                            " fg=Rgb(232, 232, 235) bg=Rgb(36, 36, 39) mod=NONE
"                                                                                                                                            " fg=Rgb(232, 232, 235) bg=Rgb(36, 36, 39) mod=NONE
"                                                                                                                                            " fg=Rgb(232, 232, 235) bg=Rgb(36, 36, 39) mod=NONE
"                                                                                                                                            " fg=Rgb(232, 232, 235) bg=Rgb(36, 36, 39) mod=NONE
"                                                                                                                                            " fg=Rgb(232, 232, 235) bg=Rgb(36, 36, 39) mod=NONE
"                                                                                                                                            " fg=Rgb(232, 232, 235) bg=Rgb(36, 36, 39) mod=NONE
"                                                                                                                                            " fg=Rgb(232, 232, 235) bg=Rgb(36, 36, 39) mod=NONE
"                                                     " fg=Rgb(232, 232, 235) bg=Rgb(36, 36, 39) mod=NONE
"┌────────────────────────────────┐" fg=White bg=Rgb(36, 36, 39) mod=NONE
"                                                     " fg=Rgb(232, 232, 235) bg=Rgb(36, 36, 39) mod=NONE
"                                                     " fg=Rgb(232, 232, 235) bg=Rgb(36, 36, 39) mod=NONE
"│" fg=White bg=Rgb(36, 36, 39) mod=NONE
"                                " fg=Rgb(232, 232, 235) bg=Rgb(36, 36, 39) mod=NONE
"│" fg=White bg=Rgb(36, 36, 39) mod=NONE
"                                                     " fg=Rgb(232, 232, 235) bg=Rgb(36, 36, 39) mod=NONE
"                                                     " fg=Rgb(232, 232, 235) bg=Rgb(36, 36, 39) mod=NONE
"└────────────────────────────────┘" fg=White bg=Rgb(36, 36, 39) mod=NONE
"                                                     " fg=Rgb(232, 232, 235) bg=Rgb(36, 36, 39) mod=NONE
"                                                                                                                                            " fg=Rgb(232, 232, 235) bg=Rgb(36, 36, 39) mod=NONE
"                                                                                                                                            " fg=Rgb(232, 232, 235) bg=Rgb(36, 36, 39) mod=NONE
"                                                                                                                                            " fg=Rgb(232, 232, 235) bg=Rgb(36, 36, 39) mod=NONE
"                                                                                                                                            " fg=Rgb(232, 232, 235) bg=Rgb(36, 36, 39) mod=NONE
"                                                                                                                                            " fg=Rgb(232, 232, 235) bg=Rgb(36, 36, 39) mod=NONE
"                                                                                                                                            " fg=Rgb(232, 232, 235) bg=Rgb(36, 36, 39) mod=NONE
"                                                                                                                                            " fg=Rgb(232, 232, 235) bg=Rgb(36, 36, 39) mod=NONE
"                                                                                                                                            " fg=Rgb(232, 232, 235) bg=Rgb(36, 36, 39) mod=NONE
"                                                                                                                                            " fg=Rgb(232, 232, 235) bg=Rgb(36, 36, 39) mod=NONE
"                                                                                                                                            " fg=Rgb(232, 232, 235) bg=Rgb(36, 36, 39) mod=NONE
"                                                                                                                                            " fg=Rgb(232, 232, 235) bg=Rgb(36, 36, 39) mod=NONE
"                                                                                                                                            " fg=Rgb(232, 232, 235) bg=Rgb(36, 36, 39) mod=NONE
"                                                                                                                                            " fg=Rgb(232, 232, 235) bg=Rgb(36, 36, 39) mod=NONE
"                                                                                                                                            " fg=Rgb(232, 232, 235) bg=Rgb(36, 36, 39) mod=NONE
"                                                                                                                                            " fg=Rgb(232, 232, 235) bg=Rgb(36, 36, 39) mod=NONE
"                                                                                                                                            " fg=Rgb(232, 232, 235) bg=Rgb(36, 36, 39) mod=NONE
"                                                                                                                                            " fg=Rgb(232, 232, 235) bg=Rgb(36, 36, 39) mod=NONE
"                                                                                                                                            " fg=Rgb(232, 232, 235) bg=Rgb(36, 36, 39) mod=NONE
"                                                                                                                                            " fg=Rgb(232, 232, 235) bg=Rgb(36, 36, 39) mod=NONE
