---
source: src/tui/visual_tests.rs
expression: volcado
---
=== texto ===
                                                                                
                                                                                
                                                                                
                                                                                
                                                                                
                                                                                
                                                                                
                                                                                
                                                                                
                                                                                
                       ┌────────────────────────────────┐                       
                       │                                │                       
                       └────────────────────────────────┘                       
                                                                                
                                                                                
                                                                                
                                                                                
                                                                                
                                                                                
                                                                                
                                                                                
                                                                                
                                                                                
                                                                                

=== estilos ===
"                                                                                " fg=Rgb(196, 220, 199) bg=Black mod=NONE
"                                                                                " fg=Rgb(196, 220, 199) bg=Black mod=NONE
"                                                                                " fg=Rgb(196, 220, 199) bg=Black mod=NONE
"                                                                                " fg=Rgb(196, 220, 199) bg=Black mod=NONE
"                                                                                " fg=Rgb(196, 220, 199) bg=Black mod=NONE
"                                                                                " fg=Rgb(196, 220, 199) bg=Black mod=NONE
"                                                                                " fg=Rgb(196, 220, 199) bg=Black mod=NONE
"                                                                                " fg=Rgb(196, 220, 199) bg=Black mod=NONE
"                                                                                " fg=Rgb(196, 220, 199) bg=Black mod=NONE
"                                                                                " fg=Rgb(196, 220, 199) bg=Black mod=NONE
"                       " fg=Rgb(196, 220, 199) bg=Black mod=NONE
"┌────────────────────────────────┐" fg=White bg=Black mod=NONE
"                       " fg=Rgb(196, 220, 199) bg=Black mod=NONE
"                       " fg=Rgb(196, 220, 199) bg=Black mod=NONE
"│" fg=White bg=Black mod=NONE
"                                " fg=Rgb(196, 220, 199) bg=Black mod=NONE
"│" fg=White bg=Black mod=NONE
"                       " fg=Rgb(196, 220, 199) bg=Black mod=NONE
"                       " fg=Rgb(196, 220, 199) bg=Black mod=NONE
"└────────────────────────────────┘" fg=White bg=Black mod=NONE
"                       " fg=Rgb(196, 220, 199) bg=Black mod=NONE
"                                                                                " fg=Rgb(196, 220, 199) bg=Black mod=NONE
"                                                                                " fg=Rgb(196, 220, 199) bg=Black mod=NONE
"                                                                                " fg=Rgb(196, 220, 199) bg=Black mod=NONE
"                                                                                " fg=Rgb(196, 220, 199) bg=Black mod=NONE
"                                                                                " fg=Rgb(196, 220, 199) bg=Black mod=NONE
"                                                                                " fg=Rgb(196, 220, 199) bg=Black mod=NONE
"                                                                                " fg=Rgb(196, 220, 199) bg=Black mod=NONE
"                                                                                " fg=Rgb(196, 220, 199) bg=Black mod=NONE
"                                                                                " fg=Rgb(196, 220, 199) bg=Black mod=NONE
"                                                                                " fg=Rgb(196, 220, 199) bg=Black mod=NONE
"                                                                                " fg=Rgb(196, 220, 199) bg=Black mod=NONE
