---
source: src/tui/visual_tests.rs
expression: volcado
---
=== texto ===
                                                                                
 BRISAS CLI                                           Operador de prueba · ROOT 
 USUARIOS                                                                 ··:·· 
 ────────────────────────────────────────────────────────────────────────────── 
   BUSCAR · 0 RESULTADOS                                                        
                                                                                
 ────────────────────────────────────────────────────────────────────────────── 
 CÉDULA         NOMBRE                              ROL              ESTADO     
                                                                                
                                                                                
                 No hay usuarios que coincidan con la búsqueda.                 
                                                                                
                                                                                
 ────────────────────────────────────────────────────────────────────────────── 
 No hay un registro seleccionado.                                               
                                                                                
                                                                                
                                                                                
                                                                                
                                                                                
                                                                                
 ↑↓ Mover  ENTER Editar  N Nuevo  P Clave  A Estado  / Buscar  ESC Volver       
 F2 Salida rápida  F7 Tema                                                      
                                                                                

=== estilos ===
"                                                                                " fg=Rgb(220, 225, 228) bg=Black mod=NONE
" " fg=Rgb(220, 225, 228) bg=Black mod=NONE
"BRISAS CLI" fg=Rgb(70, 200, 215) bg=Black mod=BOLD
"                                           " fg=Rgb(220, 225, 228) bg=Black mod=NONE
"Operador de prueba · ROOT" fg=Rgb(145, 158, 164) bg=Black mod=NONE
" " fg=Rgb(220, 225, 228) bg=Black mod=NONE
" " fg=Rgb(220, 225, 228) bg=Black mod=NONE
"USUARIOS" fg=Rgb(70, 200, 215) bg=Black mod=BOLD
"                                                                 " fg=Rgb(220, 225, 228) bg=Black mod=NONE
"··:··" fg=Rgb(220, 170, 70) bg=Black mod=NONE
" " fg=Rgb(220, 225, 228) bg=Black mod=NONE
" " fg=Rgb(220, 225, 228) bg=Black mod=NONE
"──────────────────────────────────────────────────────────────────────────────" fg=Rgb(100, 120, 126) bg=Black mod=NONE
" " fg=Rgb(220, 225, 228) bg=Black mod=NONE
" " fg=Rgb(220, 225, 228) bg=Black mod=NONE
"  BUSCAR · 0 RESULTADOS                                                       " fg=Rgb(145, 158, 164) bg=Black mod=NONE
" " fg=Rgb(220, 225, 228) bg=Black mod=NONE
"                                                                                " fg=Rgb(220, 225, 228) bg=Black mod=NONE
" " fg=Rgb(220, 225, 228) bg=Black mod=NONE
"──────────────────────────────────────────────────────────────────────────────" fg=Rgb(100, 120, 126) bg=Black mod=NONE
" " fg=Rgb(220, 225, 228) bg=Black mod=NONE
" " fg=Rgb(220, 225, 228) bg=Black mod=NONE
"CÉDULA         NOMBRE                              ROL              ESTADO    " fg=Rgb(145, 158, 164) bg=Black mod=NONE
" " fg=Rgb(220, 225, 228) bg=Black mod=NONE
"                                                                                " fg=Rgb(220, 225, 228) bg=Black mod=NONE
"                                                                                " fg=Rgb(220, 225, 228) bg=Black mod=NONE
" " fg=Rgb(220, 225, 228) bg=Black mod=NONE
"                No hay usuarios que coincidan con la búsqueda.                " fg=Rgb(220, 170, 70) bg=Black mod=NONE
" " fg=Rgb(220, 225, 228) bg=Black mod=NONE
"                                                                                " fg=Rgb(220, 225, 228) bg=Black mod=NONE
"                                                                                " fg=Rgb(220, 225, 228) bg=Black mod=NONE
" " fg=Rgb(220, 225, 228) bg=Black mod=NONE
"──────────────────────────────────────────────────────────────────────────────" fg=Rgb(100, 120, 126) bg=Black mod=NONE
" " fg=Rgb(220, 225, 228) bg=Black mod=NONE
" " fg=Rgb(220, 225, 228) bg=Black mod=NONE
"No hay un registro seleccionado.                                              " fg=Rgb(145, 158, 164) bg=Black mod=NONE
" " fg=Rgb(220, 225, 228) bg=Black mod=NONE
" " fg=Rgb(220, 225, 228) bg=Black mod=NONE
"                                                                              " fg=Rgb(145, 158, 164) bg=Black mod=NONE
" " fg=Rgb(220, 225, 228) bg=Black mod=NONE
" " fg=Rgb(220, 225, 228) bg=Black mod=NONE
"                                                                              " fg=Rgb(145, 158, 164) bg=Black mod=NONE
" " fg=Rgb(220, 225, 228) bg=Black mod=NONE
" " fg=Rgb(220, 225, 228) bg=Black mod=NONE
"                                                                              " fg=Rgb(145, 158, 164) bg=Black mod=NONE
" " fg=Rgb(220, 225, 228) bg=Black mod=NONE
" " fg=Rgb(220, 225, 228) bg=Black mod=NONE
"                                                                              " fg=Rgb(145, 158, 164) bg=Black mod=NONE
" " fg=Rgb(220, 225, 228) bg=Black mod=NONE
" " fg=Rgb(220, 225, 228) bg=Black mod=NONE
"                                                                              " fg=Rgb(145, 158, 164) bg=Black mod=NONE
" " fg=Rgb(220, 225, 228) bg=Black mod=NONE
" " fg=Rgb(220, 225, 228) bg=Black mod=NONE
"                                                                              " fg=Rgb(145, 158, 164) bg=Black mod=NONE
" " fg=Rgb(220, 225, 228) bg=Black mod=NONE
" " fg=Rgb(220, 225, 228) bg=Black mod=NONE
"↑↓" fg=Rgb(70, 200, 215) bg=Black mod=BOLD
" Mover  " fg=Rgb(220, 225, 228) bg=Black mod=NONE
"ENTER" fg=Rgb(70, 200, 215) bg=Black mod=BOLD
" Editar  " fg=Rgb(220, 225, 228) bg=Black mod=NONE
"N" fg=Rgb(70, 200, 215) bg=Black mod=BOLD
" Nuevo  " fg=Rgb(220, 225, 228) bg=Black mod=NONE
"P" fg=Rgb(70, 200, 215) bg=Black mod=BOLD
" Clave  " fg=Rgb(220, 225, 228) bg=Black mod=NONE
"A" fg=Rgb(70, 200, 215) bg=Black mod=BOLD
" Estado  " fg=Rgb(220, 225, 228) bg=Black mod=NONE
"/" fg=Rgb(70, 200, 215) bg=Black mod=BOLD
" Buscar  " fg=Rgb(220, 225, 228) bg=Black mod=NONE
"ESC" fg=Rgb(70, 200, 215) bg=Black mod=BOLD
" Volver       " fg=Rgb(220, 225, 228) bg=Black mod=NONE
" " fg=Rgb(220, 225, 228) bg=Black mod=NONE
"F2" fg=Rgb(70, 200, 215) bg=Black mod=BOLD
" Salida rápida  " fg=Rgb(220, 225, 228) bg=Black mod=NONE
"F7" fg=Rgb(70, 200, 215) bg=Black mod=BOLD
" Tema                                                      " fg=Rgb(220, 225, 228) bg=Black mod=NONE
"                                                                                " fg=Rgb(220, 225, 228) bg=Black mod=NONE
