---
source: src/tui/visual_tests.rs
expression: volcado
---
=== texto ===
                                                                                                                                            
 BRISAS CLI                                                                                                       Operador de prueba · ROOT 
 CONTROL DE ACCESO                                                   MENÚ PRINCIPAL                                                   ··:·· 
 ────────────────────────────────────────────────────────────────────────────────────────────────────────────────────────────────────────── 
                                                                                                                                            
                                                                                                                                            
                                                                                                                                            
                                                                                                                                            
                                                                                                                                            
                                                                                                                                            
                                                                                                                                            
                                                        OPERACIÓN                                                                           
                                                        ▶ 1   Nuevo ingreso                                                                 
                                                          2   Ingresos activos                                                              
                                                          3   Historial                                                                     
                                                                                                                                            
                                                        ADMINISTRACIÓN                                                                      
                                                          4   Contratistas                                                                  
                                                          5   Empresas                                                                      
                                                          6   Usuarios                                                                      
                                                          7   Auditoría                                                                     
                                                          8   Respaldos                                                                     
                                                                                                                                            
                                                        SESIÓN                                                                              
                                                          9   Cambiar mi contraseña                                                         
                                                          M   Modo CLI                                                                      
                                                          L   Cerrar sesión                                                                 
                                                          Q   Salir                                                                         
                                                                                                                                            
                                                                                                                                            
                                                                                                                                            
                                                                                                                                            
                                                                                                                                            
                                                                                                                                            
                                                                                                                                            
                                                                                                                                            
                                                                                                                                            
 Registrar la entrada de un contratista.                                                                                                    
 ↑↓ Seleccionar  ENTER Abrir  1-9 Acceso rápido  M Modo comandos  L Cerrar sesión  Q Salir  F2 Salida rápida  CTRL+Q Cerrar sesión  F7 Tema 
                                                                                                                                            

=== estilos ===
"                                                                                                                                            " fg=Rgb(220, 225, 228) bg=Black mod=NONE
" " fg=Rgb(220, 225, 228) bg=Black mod=NONE
"BRISAS CLI" fg=Rgb(70, 200, 215) bg=Black mod=BOLD
"                                                                                                       " fg=Rgb(220, 225, 228) bg=Black mod=NONE
"Operador de prueba · ROOT" fg=Rgb(145, 158, 164) bg=Black mod=NONE
" " fg=Rgb(220, 225, 228) bg=Black mod=NONE
" " fg=Rgb(220, 225, 228) bg=Black mod=NONE
"CONTROL DE ACCESO" fg=Rgb(145, 158, 164) bg=Black mod=NONE
"                                   " fg=Rgb(220, 225, 228) bg=Black mod=NONE
"                MENÚ PRINCIPAL                 " fg=Rgb(70, 200, 215) bg=Black mod=BOLD
"                                  " fg=Rgb(220, 225, 228) bg=Black mod=NONE
"··:··" fg=Rgb(220, 170, 70) bg=Black mod=NONE
" " fg=Rgb(220, 225, 228) bg=Black mod=NONE
" " fg=Rgb(220, 225, 228) bg=Black mod=NONE
"──────────────────────────────────────────────────────────────────────────────────────────────────────────────────────────────────────────" fg=Rgb(100, 120, 126) bg=Black mod=NONE
" " fg=Rgb(220, 225, 228) bg=Black mod=NONE
"                                                                                                                                            " fg=Rgb(220, 225, 228) bg=Black mod=NONE
"                                                                                                                                            " fg=Rgb(220, 225, 228) bg=Black mod=NONE
"                                                                                                                                            " fg=Rgb(220, 225, 228) bg=Black mod=NONE
"                                                                                                                                            " fg=Rgb(220, 225, 228) bg=Black mod=NONE
"                                                                                                                                            " fg=Rgb(220, 225, 228) bg=Black mod=NONE
"                                                                                                                                            " fg=Rgb(220, 225, 228) bg=Black mod=NONE
"                                                                                                                                            " fg=Rgb(220, 225, 228) bg=Black mod=NONE
"                                                        " fg=Rgb(220, 225, 228) bg=Black mod=NONE
"OPERACIÓN" fg=Rgb(145, 158, 164) bg=Black mod=NONE
"                                                                           " fg=Rgb(220, 225, 228) bg=Black mod=NONE
"                                                        " fg=Rgb(220, 225, 228) bg=Black mod=NONE
"▶ 1   Nuevo ingreso" fg=Black bg=Rgb(70, 200, 215) mod=BOLD
"                                                                 " fg=Rgb(220, 225, 228) bg=Black mod=NONE
"                                                          2   Ingresos activos                                                              " fg=Rgb(220, 225, 228) bg=Black mod=NONE
"                                                          3   Historial                                                                     " fg=Rgb(220, 225, 228) bg=Black mod=NONE
"                                                                                                                                            " fg=Rgb(220, 225, 228) bg=Black mod=NONE
"                                                        " fg=Rgb(220, 225, 228) bg=Black mod=NONE
"ADMINISTRACIÓN" fg=Rgb(145, 158, 164) bg=Black mod=NONE
"                                                                      " fg=Rgb(220, 225, 228) bg=Black mod=NONE
"                                                          4   Contratistas                                                                  " fg=Rgb(220, 225, 228) bg=Black mod=NONE
"                                                          5   Empresas                                                                      " fg=Rgb(220, 225, 228) bg=Black mod=NONE
"                                                          6   Usuarios                                                                      " fg=Rgb(220, 225, 228) bg=Black mod=NONE
"                                                          7   Auditoría                                                                     " fg=Rgb(220, 225, 228) bg=Black mod=NONE
"                                                          8   Respaldos                                                                     " fg=Rgb(220, 225, 228) bg=Black mod=NONE
"                                                                                                                                            " fg=Rgb(220, 225, 228) bg=Black mod=NONE
"                                                        " fg=Rgb(220, 225, 228) bg=Black mod=NONE
"SESIÓN" fg=Rgb(145, 158, 164) bg=Black mod=NONE
"                                                                              " fg=Rgb(220, 225, 228) bg=Black mod=NONE
"                                                          9   Cambiar mi contraseña                                                         " fg=Rgb(220, 225, 228) bg=Black mod=NONE
"                                                          M   Modo CLI                                                                      " fg=Rgb(220, 225, 228) bg=Black mod=NONE
"                                                          L   Cerrar sesión                                                                 " fg=Rgb(220, 225, 228) bg=Black mod=NONE
"                                                          Q   Salir                                                                         " fg=Rgb(220, 225, 228) bg=Black mod=NONE
"                                                                                                                                            " fg=Rgb(220, 225, 228) bg=Black mod=NONE
"                                                                                                                                            " fg=Rgb(220, 225, 228) bg=Black mod=NONE
"                                                                                                                                            " fg=Rgb(220, 225, 228) bg=Black mod=NONE
"                                                                                                                                            " fg=Rgb(220, 225, 228) bg=Black mod=NONE
"                                                                                                                                            " fg=Rgb(220, 225, 228) bg=Black mod=NONE
"                                                                                                                                            " fg=Rgb(220, 225, 228) bg=Black mod=NONE
"                                                                                                                                            " fg=Rgb(220, 225, 228) bg=Black mod=NONE
"                                                                                                                                            " fg=Rgb(220, 225, 228) bg=Black mod=NONE
"                                                                                                                                            " fg=Rgb(220, 225, 228) bg=Black mod=NONE
" " fg=Rgb(220, 225, 228) bg=Black mod=NONE
"Registrar la entrada de un contratista.                                                                                                   " fg=Rgb(145, 158, 164) bg=Black mod=NONE
" " fg=Rgb(220, 225, 228) bg=Black mod=NONE
" " fg=Rgb(220, 225, 228) bg=Black mod=NONE
"↑↓" fg=Rgb(70, 200, 215) bg=Black mod=BOLD
" Seleccionar  " fg=Rgb(220, 225, 228) bg=Black mod=NONE
"ENTER" fg=Rgb(70, 200, 215) bg=Black mod=BOLD
" Abrir  " fg=Rgb(220, 225, 228) bg=Black mod=NONE
"1-9" fg=Rgb(70, 200, 215) bg=Black mod=BOLD
" Acceso rápido  " fg=Rgb(220, 225, 228) bg=Black mod=NONE
"M" fg=Rgb(70, 200, 215) bg=Black mod=BOLD
" Modo comandos  " fg=Rgb(220, 225, 228) bg=Black mod=NONE
"L" fg=Rgb(70, 200, 215) bg=Black mod=BOLD
" Cerrar sesión  " fg=Rgb(220, 225, 228) bg=Black mod=NONE
"Q" fg=Rgb(70, 200, 215) bg=Black mod=BOLD
" Salir  " fg=Rgb(220, 225, 228) bg=Black mod=NONE
"F2" fg=Rgb(70, 200, 215) bg=Black mod=BOLD
" Salida rápida  " fg=Rgb(220, 225, 228) bg=Black mod=NONE
"CTRL+Q" fg=Rgb(70, 200, 215) bg=Black mod=BOLD
" Cerrar sesión  " fg=Rgb(220, 225, 228) bg=Black mod=NONE
"F7" fg=Rgb(70, 200, 215) bg=Black mod=BOLD
" Tema " fg=Rgb(220, 225, 228) bg=Black mod=NONE
"                                                                                                                                            " fg=Rgb(220, 225, 228) bg=Black mod=NONE
