---
source: src/tui/visual_tests.rs
expression: volcado
---
=== texto ===
                                                                                                    
 BRISAS CLI                                                               Operador de prueba · ROOT 
 CONTROL DE ACCESO                                                                            ··:·· 
          1 Nuevo  2 Activos  3 Hist.  4 Contr.  5 Emp.  6 Usr.  7 Aud.  8 Resp.  9 Clave           
 ────────────────────────────────────────────────────────────────────────────────────────────────── 
   BUSCAR · 0 DE 0 DENTRO · Ejemplo: empresa:Brisas tipo:praind gafete:26                           
                                                                                                    
 ────────────────────────────────────────────────────────────────────────────────────────────────── 
 CÉDULA           NOMBRE                  EMPRESA                 TIPO             HORA    GAFETE   
                                                                                                    
                                                                                                    
                       No hay ingresos activos que coincidan con la búsqueda.                       
                                                                                                    
                                                                                                    
                                                                                                    
 ────────────────────────────────────────────────────────────────────────────────────────────────── 
 No hay un registro seleccionado.                                                                   
                                                                                                    
                                                                                                    
                                                                                                    
                                                                                                    
                                                                                                    
                                                                                                    
                                                                                                    
                                                                                                    
                                                                                                    
                                                                                                    
 ↑↓ Mover  ENTER Salida  / Buscar  F4 Columnas  ESC Volver  F1 más  F2 Salida rápida                
 CTRL+Q Cerrar sesión  CTRL+←/→ Pestañas  F7 Tema                                                   
                                                                                                    

=== estilos ===
"                                                                                                    " fg=Rgb(232, 232, 235) bg=Rgb(36, 36, 39) mod=NONE
" " fg=Rgb(232, 232, 235) bg=Rgb(36, 36, 39) mod=NONE
"BRISAS CLI" fg=Rgb(184, 177, 255) bg=Rgb(36, 36, 39) mod=BOLD
"                                                               " fg=Rgb(232, 232, 235) bg=Rgb(36, 36, 39) mod=NONE
"Operador de prueba · ROOT" fg=Rgb(148, 148, 158) bg=Rgb(36, 36, 39) mod=NONE
" " fg=Rgb(232, 232, 235) bg=Rgb(36, 36, 39) mod=NONE
" " fg=Rgb(232, 232, 235) bg=Rgb(36, 36, 39) mod=NONE
"CONTROL DE ACCESO" fg=Rgb(148, 148, 158) bg=Rgb(36, 36, 39) mod=NONE
"                                                                            " fg=Rgb(232, 232, 235) bg=Rgb(36, 36, 39) mod=NONE
"··:··" fg=Rgb(231, 198, 107) bg=Rgb(36, 36, 39) mod=NONE
" " fg=Rgb(232, 232, 235) bg=Rgb(36, 36, 39) mod=NONE
"          " fg=Rgb(232, 232, 235) bg=Rgb(36, 36, 39) mod=NONE
"1" fg=Rgb(184, 177, 255) bg=Rgb(36, 36, 39) mod=BOLD
" Nuevo" fg=Rgb(148, 148, 158) bg=Rgb(36, 36, 39) mod=NONE
"  " fg=Rgb(232, 232, 235) bg=Rgb(36, 36, 39) mod=NONE
"2 Activos" fg=Rgb(36, 36, 39) bg=Rgb(232, 232, 235) mod=BOLD
"  " fg=Rgb(232, 232, 235) bg=Rgb(36, 36, 39) mod=NONE
"3" fg=Rgb(184, 177, 255) bg=Rgb(36, 36, 39) mod=BOLD
" Hist." fg=Rgb(148, 148, 158) bg=Rgb(36, 36, 39) mod=NONE
"  " fg=Rgb(232, 232, 235) bg=Rgb(36, 36, 39) mod=NONE
"4" fg=Rgb(184, 177, 255) bg=Rgb(36, 36, 39) mod=BOLD
" Contr." fg=Rgb(148, 148, 158) bg=Rgb(36, 36, 39) mod=NONE
"  " fg=Rgb(232, 232, 235) bg=Rgb(36, 36, 39) mod=NONE
"5" fg=Rgb(184, 177, 255) bg=Rgb(36, 36, 39) mod=BOLD
" Emp." fg=Rgb(148, 148, 158) bg=Rgb(36, 36, 39) mod=NONE
"  " fg=Rgb(232, 232, 235) bg=Rgb(36, 36, 39) mod=NONE
"6" fg=Rgb(184, 177, 255) bg=Rgb(36, 36, 39) mod=BOLD
" Usr." fg=Rgb(148, 148, 158) bg=Rgb(36, 36, 39) mod=NONE
"  " fg=Rgb(232, 232, 235) bg=Rgb(36, 36, 39) mod=NONE
"7" fg=Rgb(184, 177, 255) bg=Rgb(36, 36, 39) mod=BOLD
" Aud." fg=Rgb(148, 148, 158) bg=Rgb(36, 36, 39) mod=NONE
"  " fg=Rgb(232, 232, 235) bg=Rgb(36, 36, 39) mod=NONE
"8" fg=Rgb(184, 177, 255) bg=Rgb(36, 36, 39) mod=BOLD
" Resp." fg=Rgb(148, 148, 158) bg=Rgb(36, 36, 39) mod=NONE
"  " fg=Rgb(232, 232, 235) bg=Rgb(36, 36, 39) mod=NONE
"9" fg=Rgb(184, 177, 255) bg=Rgb(36, 36, 39) mod=BOLD
" Clave" fg=Rgb(148, 148, 158) bg=Rgb(36, 36, 39) mod=NONE
"           " fg=Rgb(232, 232, 235) bg=Rgb(36, 36, 39) mod=NONE
" " fg=Rgb(232, 232, 235) bg=Rgb(36, 36, 39) mod=NONE
"──────────────────────────────────────────────────────────────────────────────────────────────────" fg=Rgb(184, 177, 255) bg=Rgb(36, 36, 39) mod=BOLD
" " fg=Rgb(232, 232, 235) bg=Rgb(36, 36, 39) mod=NONE
" " fg=Rgb(232, 232, 235) bg=Rgb(36, 36, 39) mod=NONE
"  BUSCAR · 0 DE 0 DENTRO · Ejemplo: empresa:Brisas tipo:praind gafete:26                          " fg=Rgb(148, 148, 158) bg=Rgb(36, 36, 39) mod=NONE
" " fg=Rgb(232, 232, 235) bg=Rgb(36, 36, 39) mod=NONE
"                                                                                                    " fg=Rgb(232, 232, 235) bg=Rgb(36, 36, 39) mod=NONE
" " fg=Rgb(232, 232, 235) bg=Rgb(36, 36, 39) mod=NONE
"──────────────────────────────────────────────────────────────────────────────────────────────────" fg=Rgb(86, 86, 94) bg=Rgb(36, 36, 39) mod=NONE
" " fg=Rgb(232, 232, 235) bg=Rgb(36, 36, 39) mod=NONE
" " fg=Rgb(232, 232, 235) bg=Rgb(36, 36, 39) mod=NONE
"CÉDULA           NOMBRE                  EMPRESA                 TIPO             HORA    GAFETE  " fg=Rgb(148, 148, 158) bg=Rgb(36, 36, 39) mod=NONE
" " fg=Rgb(232, 232, 235) bg=Rgb(36, 36, 39) mod=NONE
"                                                                                                    " fg=Rgb(232, 232, 235) bg=Rgb(36, 36, 39) mod=NONE
"                                                                                                    " fg=Rgb(232, 232, 235) bg=Rgb(36, 36, 39) mod=NONE
" " fg=Rgb(232, 232, 235) bg=Rgb(36, 36, 39) mod=NONE
"                      No hay ingresos activos que coincidan con la búsqueda.                      " fg=Rgb(231, 198, 107) bg=Rgb(36, 36, 39) mod=NONE
" " fg=Rgb(232, 232, 235) bg=Rgb(36, 36, 39) mod=NONE
"                                                                                                    " fg=Rgb(232, 232, 235) bg=Rgb(36, 36, 39) mod=NONE
"                                                                                                    " fg=Rgb(232, 232, 235) bg=Rgb(36, 36, 39) mod=NONE
"                                                                                                    " fg=Rgb(232, 232, 235) bg=Rgb(36, 36, 39) mod=NONE
" " fg=Rgb(232, 232, 235) bg=Rgb(36, 36, 39) mod=NONE
"──────────────────────────────────────────────────────────────────────────────────────────────────" fg=Rgb(86, 86, 94) bg=Rgb(36, 36, 39) mod=NONE
" " fg=Rgb(232, 232, 235) bg=Rgb(36, 36, 39) mod=NONE
" " fg=Rgb(232, 232, 235) bg=Rgb(36, 36, 39) mod=NONE
"No hay un registro seleccionado.                                                                  " fg=Rgb(148, 148, 158) bg=Rgb(36, 36, 39) mod=NONE
" " fg=Rgb(232, 232, 235) bg=Rgb(36, 36, 39) mod=NONE
" " fg=Rgb(232, 232, 235) bg=Rgb(36, 36, 39) mod=NONE
"                                                                                                  " fg=Rgb(148, 148, 158) bg=Rgb(36, 36, 39) mod=NONE
" " fg=Rgb(232, 232, 235) bg=Rgb(36, 36, 39) mod=NONE
" " fg=Rgb(232, 232, 235) bg=Rgb(36, 36, 39) mod=NONE
"                                                                                                  " fg=Rgb(148, 148, 158) bg=Rgb(36, 36, 39) mod=NONE
" " fg=Rgb(232, 232, 235) bg=Rgb(36, 36, 39) mod=NONE
" " fg=Rgb(232, 232, 235) bg=Rgb(36, 36, 39) mod=NONE
"                                                                                                  " fg=Rgb(148, 148, 158) bg=Rgb(36, 36, 39) mod=NONE
" " fg=Rgb(232, 232, 235) bg=Rgb(36, 36, 39) mod=NONE
" " fg=Rgb(232, 232, 235) bg=Rgb(36, 36, 39) mod=NONE
"                                                                                                  " fg=Rgb(148, 148, 158) bg=Rgb(36, 36, 39) mod=NONE
" " fg=Rgb(232, 232, 235) bg=Rgb(36, 36, 39) mod=NONE
" " fg=Rgb(232, 232, 235) bg=Rgb(36, 36, 39) mod=NONE
"                                                                                                  " fg=Rgb(148, 148, 158) bg=Rgb(36, 36, 39) mod=NONE
" " fg=Rgb(232, 232, 235) bg=Rgb(36, 36, 39) mod=NONE
" " fg=Rgb(232, 232, 235) bg=Rgb(36, 36, 39) mod=NONE
"                                                                                                  " fg=Rgb(148, 148, 158) bg=Rgb(36, 36, 39) mod=NONE
" " fg=Rgb(232, 232, 235) bg=Rgb(36, 36, 39) mod=NONE
" " fg=Rgb(232, 232, 235) bg=Rgb(36, 36, 39) mod=NONE
"                                                                                                  " fg=Rgb(148, 148, 158) bg=Rgb(36, 36, 39) mod=NONE
" " fg=Rgb(232, 232, 235) bg=Rgb(36, 36, 39) mod=NONE
" " fg=Rgb(232, 232, 235) bg=Rgb(36, 36, 39) mod=NONE
"                                                                                                  " fg=Rgb(148, 148, 158) bg=Rgb(36, 36, 39) mod=NONE
" " fg=Rgb(232, 232, 235) bg=Rgb(36, 36, 39) mod=NONE
" " fg=Rgb(232, 232, 235) bg=Rgb(36, 36, 39) mod=NONE
"                                                                                                  " fg=Rgb(148, 148, 158) bg=Rgb(36, 36, 39) mod=NONE
" " fg=Rgb(232, 232, 235) bg=Rgb(36, 36, 39) mod=NONE
" " fg=Rgb(232, 232, 235) bg=Rgb(36, 36, 39) mod=NONE
"                                                                                                  " fg=Rgb(148, 148, 158) bg=Rgb(36, 36, 39) mod=NONE
" " fg=Rgb(232, 232, 235) bg=Rgb(36, 36, 39) mod=NONE
" " fg=Rgb(232, 232, 235) bg=Rgb(36, 36, 39) mod=NONE
"↑↓" fg=Rgb(184, 177, 255) bg=Rgb(36, 36, 39) mod=BOLD
" Mover  " fg=Rgb(232, 232, 235) bg=Rgb(36, 36, 39) mod=NONE
"ENTER" fg=Rgb(184, 177, 255) bg=Rgb(36, 36, 39) mod=BOLD
" Salida  " fg=Rgb(232, 232, 235) bg=Rgb(36, 36, 39) mod=NONE
"/" fg=Rgb(184, 177, 255) bg=Rgb(36, 36, 39) mod=BOLD
" Buscar  " fg=Rgb(232, 232, 235) bg=Rgb(36, 36, 39) mod=NONE
"F4" fg=Rgb(184, 177, 255) bg=Rgb(36, 36, 39) mod=BOLD
" Columnas  " fg=Rgb(232, 232, 235) bg=Rgb(36, 36, 39) mod=NONE
"ESC" fg=Rgb(184, 177, 255) bg=Rgb(36, 36, 39) mod=BOLD
" Volver  " fg=Rgb(232, 232, 235) bg=Rgb(36, 36, 39) mod=NONE
"F1" fg=Rgb(184, 177, 255) bg=Rgb(36, 36, 39) mod=BOLD
" más  " fg=Rgb(232, 232, 235) bg=Rgb(36, 36, 39) mod=NONE
"F2" fg=Rgb(184, 177, 255) bg=Rgb(36, 36, 39) mod=BOLD
" Salida rápida                " fg=Rgb(232, 232, 235) bg=Rgb(36, 36, 39) mod=NONE
" " fg=Rgb(232, 232, 235) bg=Rgb(36, 36, 39) mod=NONE
"CTRL+Q" fg=Rgb(184, 177, 255) bg=Rgb(36, 36, 39) mod=BOLD
" Cerrar sesión  " fg=Rgb(232, 232, 235) bg=Rgb(36, 36, 39) mod=NONE
"CTRL+←/→" fg=Rgb(184, 177, 255) bg=Rgb(36, 36, 39) mod=BOLD
" Pestañas  " fg=Rgb(232, 232, 235) bg=Rgb(36, 36, 39) mod=NONE
"F7" fg=Rgb(184, 177, 255) bg=Rgb(36, 36, 39) mod=BOLD
" Tema                                                   " fg=Rgb(232, 232, 235) bg=Rgb(36, 36, 39) mod=NONE
"                                                                                                    " fg=Rgb(232, 232, 235) bg=Rgb(36, 36, 39) mod=NONE
