---
source: src/tui/visual_tests.rs
expression: volcado
---
=== texto ===
                                                                                                   
                                                                                                   
                                                                                                   
                                                                                                   
                                                                                                   
                                                                                                   
                                                                                                   
                     ┌──────────────────────────────────────────────────────┐                      
                     │                   CONTROL DE ACCESO                  │                      
                     │                Inicio de sesion local                │                      
                     │               1 CEDULA  >  2 CONTRASENA              │                      
                     │ ┌ CEDULA ──────────────────────────────────────────┐ │                      
                     │ │                                                  │ │                      
                     │ └──────────────────────────────────────────────────┘ │                      
                     │ ┌ CONTRASENA ──────────────────────────────────────┐ │                      
                     │ │Clave de acceso                                   │ │                      
                     │ └──────────────────────────────────────────────────┘ │                      
                     │                Enter avanza o confirma               │                      
                     │ Tab cambiar campo  |  Enter continuar  |  ? ayuda  | │                      
                     │                       Esc salir                      │                      
                     │                                                      │                      
                     │                                                      │                      
                     └──────────────────────────────────────────────────────┘                      
                                                                                                   
                                                                                                   
                                                                                                   
                                                                                                   
                                                                                                   
                                                                                                   
                                                                                                   

=== estilos ===
"                                                                                                   " fg=Rgb(232, 232, 235) bg=Rgb(36, 36, 39) mod=NONE
"                                                                                                   " fg=Rgb(232, 232, 235) bg=Rgb(36, 36, 39) mod=NONE
"                                                                                                   " fg=Rgb(232, 232, 235) bg=Rgb(36, 36, 39) mod=NONE
"                                                                                                   " fg=Rgb(232, 232, 235) bg=Rgb(36, 36, 39) mod=NONE
"                                                                                                   " fg=Rgb(232, 232, 235) bg=Rgb(36, 36, 39) mod=NONE
"                                                                                                   " fg=Rgb(232, 232, 235) bg=Rgb(36, 36, 39) mod=NONE
"                                                                                                   " fg=Rgb(232, 232, 235) bg=Rgb(36, 36, 39) mod=NONE
"                     " fg=Rgb(232, 232, 235) bg=Rgb(36, 36, 39) mod=NONE
"┌──────────────────────────────────────────────────────┐" fg=Rgb(86, 86, 94) bg=Rgb(36, 36, 39) mod=NONE
"                      " fg=Rgb(232, 232, 235) bg=Rgb(36, 36, 39) mod=NONE
"                     " fg=Rgb(232, 232, 235) bg=Rgb(36, 36, 39) mod=NONE
"│" fg=Rgb(86, 86, 94) bg=Rgb(36, 36, 39) mod=NONE
"                   " fg=Rgb(232, 232, 235) bg=Rgb(36, 36, 39) mod=NONE
"CONTROL DE ACCESO" fg=Rgb(184, 177, 255) bg=Rgb(36, 36, 39) mod=BOLD
"                  " fg=Rgb(232, 232, 235) bg=Rgb(36, 36, 39) mod=NONE
"│" fg=Rgb(86, 86, 94) bg=Rgb(36, 36, 39) mod=NONE
"                      " fg=Rgb(232, 232, 235) bg=Rgb(36, 36, 39) mod=NONE
"                     " fg=Rgb(232, 232, 235) bg=Rgb(36, 36, 39) mod=NONE
"│" fg=Rgb(86, 86, 94) bg=Rgb(36, 36, 39) mod=NONE
"                " fg=Rgb(232, 232, 235) bg=Rgb(36, 36, 39) mod=NONE
"Inicio de sesion local" fg=Rgb(148, 148, 158) bg=Rgb(36, 36, 39) mod=NONE
"                " fg=Rgb(232, 232, 235) bg=Rgb(36, 36, 39) mod=NONE
"│" fg=Rgb(86, 86, 94) bg=Rgb(36, 36, 39) mod=NONE
"                      " fg=Rgb(232, 232, 235) bg=Rgb(36, 36, 39) mod=NONE
"                     " fg=Rgb(232, 232, 235) bg=Rgb(36, 36, 39) mod=NONE
"│" fg=Rgb(86, 86, 94) bg=Rgb(36, 36, 39) mod=NONE
"               " fg=Rgb(232, 232, 235) bg=Rgb(36, 36, 39) mod=NONE
"1 CEDULA" fg=Rgb(184, 177, 255) bg=Rgb(36, 36, 39) mod=BOLD
"  >  2 CONTRASENA" fg=Rgb(148, 148, 158) bg=Rgb(36, 36, 39) mod=NONE
"              " fg=Rgb(232, 232, 235) bg=Rgb(36, 36, 39) mod=NONE
"│" fg=Rgb(86, 86, 94) bg=Rgb(36, 36, 39) mod=NONE
"                      " fg=Rgb(232, 232, 235) bg=Rgb(36, 36, 39) mod=NONE
"                     " fg=Rgb(232, 232, 235) bg=Rgb(36, 36, 39) mod=NONE
"│" fg=Rgb(86, 86, 94) bg=Rgb(36, 36, 39) mod=NONE
" " fg=Rgb(232, 232, 235) bg=Rgb(36, 36, 39) mod=NONE
"┌ CEDULA ──────────────────────────────────────────┐" fg=Rgb(184, 177, 255) bg=Rgb(36, 36, 39) mod=BOLD
" " fg=Rgb(232, 232, 235) bg=Rgb(36, 36, 39) mod=NONE
"│" fg=Rgb(86, 86, 94) bg=Rgb(36, 36, 39) mod=NONE
"                      " fg=Rgb(232, 232, 235) bg=Rgb(36, 36, 39) mod=NONE
"                     " fg=Rgb(232, 232, 235) bg=Rgb(36, 36, 39) mod=NONE
"│" fg=Rgb(86, 86, 94) bg=Rgb(36, 36, 39) mod=NONE
" " fg=Rgb(232, 232, 235) bg=Rgb(36, 36, 39) mod=NONE
"│" fg=Rgb(184, 177, 255) bg=Rgb(36, 36, 39) mod=BOLD
"                                                  " fg=Rgb(232, 232, 235) bg=Rgb(36, 36, 39) mod=NONE
"│" fg=Rgb(184, 177, 255) bg=Rgb(36, 36, 39) mod=BOLD
" " fg=Rgb(232, 232, 235) bg=Rgb(36, 36, 39) mod=NONE
"│" fg=Rgb(86, 86, 94) bg=Rgb(36, 36, 39) mod=NONE
"                      " fg=Rgb(232, 232, 235) bg=Rgb(36, 36, 39) mod=NONE
"                     " fg=Rgb(232, 232, 235) bg=Rgb(36, 36, 39) mod=NONE
"│" fg=Rgb(86, 86, 94) bg=Rgb(36, 36, 39) mod=NONE
" " fg=Rgb(232, 232, 235) bg=Rgb(36, 36, 39) mod=NONE
"└──────────────────────────────────────────────────┘" fg=Rgb(184, 177, 255) bg=Rgb(36, 36, 39) mod=BOLD
" " fg=Rgb(232, 232, 235) bg=Rgb(36, 36, 39) mod=NONE
"│" fg=Rgb(86, 86, 94) bg=Rgb(36, 36, 39) mod=NONE
"                      " fg=Rgb(232, 232, 235) bg=Rgb(36, 36, 39) mod=NONE
"                     " fg=Rgb(232, 232, 235) bg=Rgb(36, 36, 39) mod=NONE
"│" fg=Rgb(86, 86, 94) bg=Rgb(36, 36, 39) mod=NONE
" " fg=Rgb(232, 232, 235) bg=Rgb(36, 36, 39) mod=NONE
"┌ CONTRASENA ──────────────────────────────────────┐" fg=Rgb(86, 86, 94) bg=Rgb(36, 36, 39) mod=NONE
" " fg=Rgb(232, 232, 235) bg=Rgb(36, 36, 39) mod=NONE
"│" fg=Rgb(86, 86, 94) bg=Rgb(36, 36, 39) mod=NONE
"                      " fg=Rgb(232, 232, 235) bg=Rgb(36, 36, 39) mod=NONE
"                     " fg=Rgb(232, 232, 235) bg=Rgb(36, 36, 39) mod=NONE
"│" fg=Rgb(86, 86, 94) bg=Rgb(36, 36, 39) mod=NONE
" " fg=Rgb(232, 232, 235) bg=Rgb(36, 36, 39) mod=NONE
"│" fg=Rgb(86, 86, 94) bg=Rgb(36, 36, 39) mod=NONE
"Clave de acceso" fg=Rgb(148, 148, 158) bg=Rgb(36, 36, 39) mod=NONE
"                                   " fg=Rgb(232, 232, 235) bg=Rgb(36, 36, 39) mod=NONE
"│" fg=Rgb(86, 86, 94) bg=Rgb(36, 36, 39) mod=NONE
" " fg=Rgb(232, 232, 235) bg=Rgb(36, 36, 39) mod=NONE
"│" fg=Rgb(86, 86, 94) bg=Rgb(36, 36, 39) mod=NONE
"                      " fg=Rgb(232, 232, 235) bg=Rgb(36, 36, 39) mod=NONE
"                     " fg=Rgb(232, 232, 235) bg=Rgb(36, 36, 39) mod=NONE
"│" fg=Rgb(86, 86, 94) bg=Rgb(36, 36, 39) mod=NONE
" " fg=Rgb(232, 232, 235) bg=Rgb(36, 36, 39) mod=NONE
"└──────────────────────────────────────────────────┘" fg=Rgb(86, 86, 94) bg=Rgb(36, 36, 39) mod=NONE
" " fg=Rgb(232, 232, 235) bg=Rgb(36, 36, 39) mod=NONE
"│" fg=Rgb(86, 86, 94) bg=Rgb(36, 36, 39) mod=NONE
"                      " fg=Rgb(232, 232, 235) bg=Rgb(36, 36, 39) mod=NONE
"                     " fg=Rgb(232, 232, 235) bg=Rgb(36, 36, 39) mod=NONE
"│" fg=Rgb(86, 86, 94) bg=Rgb(36, 36, 39) mod=NONE
" " fg=Rgb(232, 232, 235) bg=Rgb(36, 36, 39) mod=NONE
"               Enter avanza o confirma              " fg=Rgb(148, 148, 158) bg=Rgb(36, 36, 39) mod=NONE
" " fg=Rgb(232, 232, 235) bg=Rgb(36, 36, 39) mod=NONE
"│" fg=Rgb(86, 86, 94) bg=Rgb(36, 36, 39) mod=NONE
"                      " fg=Rgb(232, 232, 235) bg=Rgb(36, 36, 39) mod=NONE
"                     " fg=Rgb(232, 232, 235) bg=Rgb(36, 36, 39) mod=NONE
"│" fg=Rgb(86, 86, 94) bg=Rgb(36, 36, 39) mod=NONE
" " fg=Rgb(232, 232, 235) bg=Rgb(36, 36, 39) mod=NONE
"Tab cambiar campo  |  Enter continuar  |  ? ayuda  |" fg=Rgb(148, 148, 158) bg=Rgb(36, 36, 39) mod=NONE
" " fg=Rgb(232, 232, 235) bg=Rgb(36, 36, 39) mod=NONE
"│" fg=Rgb(86, 86, 94) bg=Rgb(36, 36, 39) mod=NONE
"                      " fg=Rgb(232, 232, 235) bg=Rgb(36, 36, 39) mod=NONE
"                     " fg=Rgb(232, 232, 235) bg=Rgb(36, 36, 39) mod=NONE
"│" fg=Rgb(86, 86, 94) bg=Rgb(36, 36, 39) mod=NONE
" " fg=Rgb(232, 232, 235) bg=Rgb(36, 36, 39) mod=NONE
"                      Esc salir                     " fg=Rgb(148, 148, 158) bg=Rgb(36, 36, 39) mod=NONE
" " fg=Rgb(232, 232, 235) bg=Rgb(36, 36, 39) mod=NONE
"│" fg=Rgb(86, 86, 94) bg=Rgb(36, 36, 39) mod=NONE
"                      " fg=Rgb(232, 232, 235) bg=Rgb(36, 36, 39) mod=NONE
"                     " fg=Rgb(232, 232, 235) bg=Rgb(36, 36, 39) mod=NONE
"│" fg=Rgb(86, 86, 94) bg=Rgb(36, 36, 39) mod=NONE
" " fg=Rgb(232, 232, 235) bg=Rgb(36, 36, 39) mod=NONE
"                                                    " fg=Rgb(148, 148, 158) bg=Rgb(36, 36, 39) mod=NONE
" " fg=Rgb(232, 232, 235) bg=Rgb(36, 36, 39) mod=NONE
"│" fg=Rgb(86, 86, 94) bg=Rgb(36, 36, 39) mod=NONE
"                      " fg=Rgb(232, 232, 235) bg=Rgb(36, 36, 39) mod=NONE
"                     " fg=Rgb(232, 232, 235) bg=Rgb(36, 36, 39) mod=NONE
"│" fg=Rgb(86, 86, 94) bg=Rgb(36, 36, 39) mod=NONE
" " fg=Rgb(232, 232, 235) bg=Rgb(36, 36, 39) mod=NONE
"                                                    " fg=Rgb(148, 148, 158) bg=Rgb(36, 36, 39) mod=NONE
" " fg=Rgb(232, 232, 235) bg=Rgb(36, 36, 39) mod=NONE
"│" fg=Rgb(86, 86, 94) bg=Rgb(36, 36, 39) mod=NONE
"                      " fg=Rgb(232, 232, 235) bg=Rgb(36, 36, 39) mod=NONE
"                     " fg=Rgb(232, 232, 235) bg=Rgb(36, 36, 39) mod=NONE
"└──────────────────────────────────────────────────────┘" fg=Rgb(86, 86, 94) bg=Rgb(36, 36, 39) mod=NONE
"                      " fg=Rgb(232, 232, 235) bg=Rgb(36, 36, 39) mod=NONE
"                                                                                                   " fg=Rgb(232, 232, 235) bg=Rgb(36, 36, 39) mod=NONE
"                                                                                                   " fg=Rgb(232, 232, 235) bg=Rgb(36, 36, 39) mod=NONE
"                                                                                                   " fg=Rgb(232, 232, 235) bg=Rgb(36, 36, 39) mod=NONE
"                                                                                                   " fg=Rgb(232, 232, 235) bg=Rgb(36, 36, 39) mod=NONE
"                                                                                                   " fg=Rgb(232, 232, 235) bg=Rgb(36, 36, 39) mod=NONE
"                                                                                                   " fg=Rgb(232, 232, 235) bg=Rgb(36, 36, 39) mod=NONE
"                                                                                                   " fg=Rgb(232, 232, 235) bg=Rgb(36, 36, 39) mod=NONE
